[    0.000000] Linux version 4.12.7-jcamhi (root@debian) (gcc version 7.2.0 (GCC) ) #1 SMP Wed Nov 1 02:31:30 CET 2017
[    0.000000] Command line: BOOT_IMAGE=/vmlinuz-4.12.7-jcamhi root=/dev/sda3 ro
[    0.000000] x86/fpu: Supporting XSAVE feature 0x001: 'x87 floating point registers'
[    0.000000] x86/fpu: Supporting XSAVE feature 0x002: 'SSE registers'
[    0.000000] x86/fpu: Supporting XSAVE feature 0x004: 'AVX registers'
[    0.000000] x86/fpu: xstate_offset[2]:  576, xstate_sizes[2]:  256
[    0.000000] x86/fpu: Enabled xstate features 0x7, context size is 832 bytes, using 'standard' format.
[    0.000000] e820: BIOS-provided physical RAM map:
[    0.000000] BIOS-e820: [mem 0x0000000000000000-0x000000000009fbff] usable
[    0.000000] BIOS-e820: [mem 0x000000000009fc00-0x000000000009ffff] reserved
[    0.000000] BIOS-e820: [mem 0x00000000000f0000-0x00000000000fffff] reserved
[    0.000000] BIOS-e820: [mem 0x0000000000100000-0x000000003ffeffff] usable
[    0.000000] BIOS-e820: [mem 0x000000003fff0000-0x000000003fffffff] ACPI data
[    0.000000] BIOS-e820: [mem 0x00000000fec00000-0x00000000fec00fff] reserved
[    0.000000] BIOS-e820: [mem 0x00000000fee00000-0x00000000fee00fff] reserved
[    0.000000] BIOS-e820: [mem 0x00000000fffc0000-0x00000000ffffffff] reserved
[    0.000000] NX (Execute Disable) protection: active
[    0.000000] SMBIOS 2.5 present.
[    0.000000] DMI: innotek GmbH VirtualBox/VirtualBox, BIOS VirtualBox 12/01/2006
[    0.000000] tsc: Fast TSC calibration failed
[    0.000000] tsc: Unable to calibrate against PIT
[    0.000000] tsc: No reference (HPET/PMTIMER) available
[    0.000000] e820: update [mem 0x00000000-0x00000fff] usable ==> reserved
[    0.000000] e820: remove [mem 0x000a0000-0x000fffff] usable
[    0.000000] e820: last_pfn = 0x3fff0 max_arch_pfn = 0x400000000
[    0.000000] MTRR default type: uncachable
[    0.000000] MTRR variable ranges disabled:
[    0.000000] MTRR: Disabled
[    0.000000] x86/PAT: MTRRs disabled, skipping PAT initialization too.
[    0.000000] CPU MTRRs all blank - virtualized system.
[    0.000000] x86/PAT: Configuration [0-7]: WB  WT  UC- UC  WB  WT  UC- UC  
[    0.000000] found SMP MP-table at [mem 0x0009fff0-0x0009ffff] mapped at [ffff91030009fff0]
[    0.000000] Scanning 1 areas for low memory corruption
[    0.000000] Base memory trampoline at [ffff910300099000] 99000 size 24576
[    0.000000] BRK [0x36337000, 0x36337fff] PGTABLE
[    0.000000] BRK [0x36338000, 0x36338fff] PGTABLE
[    0.000000] BRK [0x36339000, 0x36339fff] PGTABLE
[    0.000000] BRK [0x3633a000, 0x3633afff] PGTABLE
[    0.000000] BRK [0x3633b000, 0x3633bfff] PGTABLE
[    0.000000] ACPI: Early table checksum verification disabled
[    0.000000] ACPI: RSDP 0x00000000000E0000 000024 (v02 VBOX  )
[    0.000000] ACPI: XSDT 0x000000003FFF0030 00003C (v01 VBOX   VBOXXSDT 00000001 ASL  00000061)
[    0.000000] ACPI: FACP 0x000000003FFF00F0 0000F4 (v04 VBOX   VBOXFACP 00000001 ASL  00000061)
[    0.000000] ACPI: DSDT 0x000000003FFF0470 0021C8 (v02 VBOX   VBOXBIOS 00000002 INTL 20100528)
[    0.000000] ACPI: FACS 0x000000003FFF0200 000040
[    0.000000] ACPI: FACS 0x000000003FFF0200 000040
[    0.000000] ACPI: APIC 0x000000003FFF0240 000054 (v02 VBOX   VBOXAPIC 00000001 ASL  00000061)
[    0.000000] ACPI: SSDT 0x000000003FFF02A0 0001CC (v01 VBOX   VBOXCPUT 00000002 INTL 20100528)
[    0.000000] ACPI: Local APIC address 0xfee00000
[    0.000000] No NUMA configuration found
[    0.000000] Faking a node at [mem 0x0000000000000000-0x000000003ffeffff]
[    0.000000] NODE_DATA(0) allocated [mem 0x3ffec000-0x3ffeffff]
[    0.000000] Zone ranges:
[    0.000000]   DMA      [mem 0x0000000000001000-0x0000000000ffffff]
[    0.000000]   DMA32    [mem 0x0000000001000000-0x000000003ffeffff]
[    0.000000]   Normal   empty
[    0.000000] Movable zone start for each node
[    0.000000] Early memory node ranges
[    0.000000]   node   0: [mem 0x0000000000001000-0x000000000009efff]
[    0.000000]   node   0: [mem 0x0000000000100000-0x000000003ffeffff]
[    0.000000] Initmem setup node 0 [mem 0x0000000000001000-0x000000003ffeffff]
[    0.000000] On node 0 totalpages: 262030
[    0.000000]   DMA zone: 64 pages used for memmap
[    0.000000]   DMA zone: 21 pages reserved
[    0.000000]   DMA zone: 3998 pages, LIFO batch:0
[    0.000000]   DMA32 zone: 4032 pages used for memmap
[    0.000000]   DMA32 zone: 258032 pages, LIFO batch:31
[    0.000000] ACPI: PM-Timer IO Port: 0x4008
[    0.000000] ACPI: Local APIC address 0xfee00000
[    0.000000] IOAPIC[0]: apic_id 1, version 32, address 0xfec00000, GSI 0-23
[    0.000000] ACPI: INT_SRC_OVR (bus 0 bus_irq 0 global_irq 2 dfl dfl)
[    0.000000] ACPI: INT_SRC_OVR (bus 0 bus_irq 9 global_irq 9 high level)
[    0.000000] ACPI: IRQ0 used by override.
[    0.000000] ACPI: IRQ9 used by override.
[    0.000000] Using ACPI (MADT) for SMP configuration information
[    0.000000] smpboot: Allowing 1 CPUs, 0 hotplug CPUs
[    0.000000] PM: Registered nosave memory: [mem 0x00000000-0x00000fff]
[    0.000000] PM: Registered nosave memory: [mem 0x0009f000-0x0009ffff]
[    0.000000] PM: Registered nosave memory: [mem 0x000a0000-0x000effff]
[    0.000000] PM: Registered nosave memory: [mem 0x000f0000-0x000fffff]
[    0.000000] e820: [mem 0x40000000-0xfebfffff] available for PCI devices
[    0.000000] clocksource: refined-jiffies: mask: 0xffffffff max_cycles: 0xffffffff, max_idle_ns: 1910969940391419 ns
[    0.000000] setup_percpu: NR_CPUS:64 nr_cpumask_bits:64 nr_cpu_ids:1 nr_node_ids:1
[    0.000000] percpu: Embedded 37 pages/cpu @ffff91033fc00000 s110936 r8192 d32424 u2097152
[    0.000000] pcpu-alloc: s110936 r8192 d32424 u2097152 alloc=1*2097152
[    0.000000] pcpu-alloc: [0] 0 
[    0.000000] Built 1 zonelists in Node order, mobility grouping on.  Total pages: 257913
[    0.000000] Policy zone: DMA32
[    0.000000] Kernel command line: BOOT_IMAGE=/vmlinuz-4.12.7-jcamhi root=/dev/sda3 ro
[    0.000000] PID hash table entries: 4096 (order: 3, 32768 bytes)
[    0.000000] Calgary: detecting Calgary via BIOS EBDA area
[    0.000000] Calgary: Unable to locate Rio Grande table in EBDA - bailing!
[    0.000000] Memory: 1013752K/1048120K available (9475K kernel code, 1286K rwdata, 2880K rodata, 1188K init, 688K bss, 34368K reserved, 0K cma-reserved)
[    0.000000] SLUB: HWalign=64, Order=0-3, MinObjects=0, CPUs=1, Nodes=1
[    0.000000] Hierarchical RCU implementation.
[    0.000000] 	RCU debugfs-based tracing is enabled.
[    0.000000] 	RCU restricting CPUs from NR_CPUS=64 to nr_cpu_ids=1.
[    0.000000] RCU: Adjusting geometry for rcu_fanout_leaf=16, nr_cpu_ids=1
[    0.000000] NR_IRQS:4352 nr_irqs:256 16
[    0.000000] Console: colour VGA+ 80x25
[    0.000000] console [tty0] enabled
[    0.000000] tsc: Fast TSC calibration failed
[    0.004000] tsc: Unable to calibrate against PIT
[    0.005000] tsc: using PMTIMER reference calibration
[    0.005000] tsc: Detected 1599.974 MHz processor
[    0.006000] Calibrating delay loop (skipped), value calculated using timer frequency.. 3199.94 BogoMIPS (lpj=1599974)
[    0.007004] pid_max: default: 32768 minimum: 301
[    0.007675] ACPI: Core revision 20170303
[    0.008707] ACPI: 2 ACPI AML tables successfully acquired and loaded
[    0.009000] Security Framework initialized
[    0.009250] SELinux:  Initializing.
[    0.010019] SELinux:  Starting in permissive mode
[    0.010087] Dentry cache hash table entries: 131072 (order: 8, 1048576 bytes)
[    0.011259] Inode-cache hash table entries: 65536 (order: 7, 524288 bytes)
[    0.014286] Mount-cache hash table entries: 2048 (order: 2, 16384 bytes)
[    0.015013] Mountpoint-cache hash table entries: 2048 (order: 2, 16384 bytes)
[    0.015944] CPU: Physical Processor ID: 0
[    0.016023] mce: CPU supports 0 MCE banks
[    0.017000] process: using mwait in idle threads
[    0.017447] Last level iTLB entries: 4KB 64, 2MB 8, 4MB 8
[    0.018126] Last level dTLB entries: 4KB 64, 2MB 0, 4MB 0, 1GB 4
[    0.034668] Freeing SMP alternatives memory: 32K
[    0.035188] smpboot: Max logical packages: 1
[    0.037000] ..TIMER: vector=0x30 apic1=0 pin1=2 apic2=-1 pin2=-1
[    0.048000] smpboot: CPU0: Intel(R) Core(TM) i5-5250U CPU @ 1.60GHz (family: 0x6, model: 0x3d, stepping: 0x4)
[    0.048009] Performance Events: unsupported p6 CPU model 61 no PMU driver, software events only.
[    0.049126] smp: Bringing up secondary CPUs ...
[    0.050109] smp: Brought up 1 node, 1 CPU
[    0.051002] smpboot: Total of 1 processors activated (3199.94 BogoMIPS)
[    0.051877] sched_clock: Marking stable (51000000, 0)->(150769242, -99769242)
[    0.052715] devtmpfs: initialized
[    0.053903] clocksource: jiffies: mask: 0xffffffff max_cycles: 0xffffffff, max_idle_ns: 1911260446275000 ns
[    0.055245] futex hash table entries: 256 (order: 2, 16384 bytes)
[    0.056900] RTC time: 12:35:20, date: 02/05/18
[    0.058236] NET: Registered protocol family 16
[    0.060111] cpuidle: using governor menu
[    0.060932] PCCT header not found.
[    0.062140] ACPI: bus type PCI registered
[    0.063719] PCI: Using configuration type 1 for base access
[    0.066286] HugeTLB registered 2 MB page size, pre-allocated 0 pages
[    0.067317] ACPI: Added _OSI(Module Device)
[    0.067906] ACPI: Added _OSI(Processor Device)
[    0.068691] ACPI: Added _OSI(3.0 _SCP Extensions)
[    0.069915] ACPI: Added _OSI(Processor Aggregator Device)
[    0.071353] ACPI: Executed 1 blocks of module-level executable AML code
[    0.075179] ACPI: Interpreter enabled
[    0.075832] ACPI: (supports S0 S5)
[    0.077611] ACPI: Using IOAPIC for interrupt routing
[    0.078687] PCI: Using host bridge windows from ACPI; if necessary, use "pci=nocrs" and report a bug
[    0.085329] ACPI: PCI Root Bridge [PCI0] (domain 0000 [bus 00-ff])
[    0.087118] acpi PNP0A03:00: _OSC: OS supports [ASPM ClockPM Segments MSI]
[    0.088271] acpi PNP0A03:00: _OSC failed (AE_NOT_FOUND); disabling ASPM
[    0.089302] acpi PNP0A03:00: fail to add MMCONFIG information, can't access extended PCI configuration space under this bridge.
[    0.091296] PCI host bridge to bus 0000:00
[    0.092413] pci_bus 0000:00: root bus resource [io  0x0000-0x0cf7 window]
[    0.094030] pci_bus 0000:00: root bus resource [io  0x0d00-0xffff window]
[    0.094967] pci_bus 0000:00: root bus resource [mem 0x000a0000-0x000bffff window]
[    0.096145] pci_bus 0000:00: root bus resource [mem 0x40000000-0xffdfffff window]
[    0.097575] pci_bus 0000:00: root bus resource [bus 00-ff]
[    0.098321] pci 0000:00:00.0: [8086:1237] type 00 class 0x060000
[    0.099123] pci 0000:00:01.0: [8086:7000] type 00 class 0x060100
[    0.100062] pci 0000:00:01.1: [8086:7111] type 00 class 0x01018a
[    0.100677] pci 0000:00:01.1: reg 0x20: [io  0xd000-0xd00f]
[    0.100893] pci 0000:00:01.1: legacy IDE quirk: reg 0x10: [io  0x01f0-0x01f7]
[    0.101904] pci 0000:00:01.1: legacy IDE quirk: reg 0x14: [io  0x03f6]
[    0.102978] pci 0000:00:01.1: legacy IDE quirk: reg 0x18: [io  0x0170-0x0177]
[    0.104039] pci 0000:00:01.1: legacy IDE quirk: reg 0x1c: [io  0x0376]
[    0.104960] pci 0000:00:02.0: [80ee:beef] type 00 class 0x030000
[    0.105824] pci 0000:00:02.0: reg 0x10: [mem 0xe0000000-0xe0ffffff pref]
[    0.115357] pci 0000:00:03.0: [8086:100e] type 00 class 0x020000
[    0.116262] pci 0000:00:03.0: reg 0x10: [mem 0xf0000000-0xf001ffff]
[    0.117644] pci 0000:00:03.0: reg 0x18: [io  0xd010-0xd017]
[    0.121069] pci 0000:00:04.0: [80ee:cafe] type 00 class 0x088000
[    0.122147] pci 0000:00:04.0: reg 0x10: [io  0xd020-0xd03f]
[    0.122898] pci 0000:00:04.0: reg 0x14: [mem 0xf0400000-0xf07fffff]
[    0.123703] pci 0000:00:04.0: reg 0x18: [mem 0xf0800000-0xf0803fff pref]
[    0.128695] pci 0000:00:05.0: [8086:2415] type 00 class 0x040100
[    0.128975] pci 0000:00:05.0: reg 0x10: [io  0xd100-0xd1ff]
[    0.129104] pci 0000:00:05.0: reg 0x14: [io  0xd200-0xd23f]
[    0.130121] pci 0000:00:06.0: [106b:003f] type 00 class 0x0c0310
[    0.130821] pci 0000:00:06.0: reg 0x10: [mem 0xf0804000-0xf0804fff]
[    0.136076] pci 0000:00:07.0: [8086:7113] type 00 class 0x068000
[    0.136519] pci 0000:00:07.0: quirk: [io  0x4000-0x403f] claimed by PIIX4 ACPI
[    0.137617] pci 0000:00:07.0: quirk: [io  0x4100-0x410f] claimed by PIIX4 SMB
[    0.138731] pci 0000:00:0d.0: [8086:2829] type 00 class 0x010601
[    0.139626] pci 0000:00:0d.0: reg 0x10: [io  0xd240-0xd247]
[    0.141342] pci 0000:00:0d.0: reg 0x18: [io  0xd250-0xd257]
[    0.142854] pci 0000:00:0d.0: reg 0x20: [io  0xd260-0xd26f]
[    0.143695] pci 0000:00:0d.0: reg 0x24: [mem 0xf0806000-0xf0807fff]
[    0.147336] ACPI: PCI Interrupt Link [LNKA] (IRQs 5 9 10 *11)
[    0.148391] ACPI: PCI Interrupt Link [LNKB] (IRQs 5 9 10 *11)
[    0.150297] ACPI: PCI Interrupt Link [LNKC] (IRQs 5 9 *10 11)
[    0.151795] ACPI: PCI Interrupt Link [LNKD] (IRQs 5 *9 10 11)
[    0.153097] ACPI: Enabled 2 GPEs in block 00 to 07
[    0.153911] pci 0000:00:02.0: vgaarb: setting as boot VGA device
[    0.154622] pci 0000:00:02.0: vgaarb: VGA device added: decodes=io+mem,owns=io+mem,locks=none
[    0.155730] pci 0000:00:02.0: vgaarb: bridge control possible
[    0.156520] vgaarb: loaded
[    0.157157] SCSI subsystem initialized
[    0.157923] libata version 3.00 loaded.
[    0.157969] ACPI: bus type USB registered
[    0.158666] usbcore: registered new interface driver usbfs
[    0.160635] usbcore: registered new interface driver hub
[    0.161778] usbcore: registered new device driver usb
[    0.162891] pps_core: LinuxPPS API ver. 1 registered
[    0.163568] pps_core: Software ver. 5.3.6 - Copyright 2005-2007 Rodolfo Giometti <giometti@linux.it>
[    0.164705] PTP clock support registered
[    0.165871] EDAC MC: Ver: 3.0.0
[    0.168241] Advanced Linux Sound Architecture Driver Initialized.
[    0.169264] PCI: Using ACPI for IRQ routing
[    0.170240] PCI: pci_cache_line_size set to 64 bytes
[    0.170573] e820: reserve RAM buffer [mem 0x0009fc00-0x0009ffff]
[    0.170581] e820: reserve RAM buffer [mem 0x3fff0000-0x3fffffff]
[    0.170976] NetLabel: Initializing
[    0.171975] NetLabel:  domain hash size = 128
[    0.172747] NetLabel:  protocols = UNLABELED CIPSOv4 CALIPSO
[    0.173586] NetLabel:  unlabeled traffic allowed by default
[    0.175141] clocksource: Switched to clocksource refined-jiffies
[    0.208567] VFS: Disk quotas dquot_6.6.0
[    0.210247] VFS: Dquot-cache hash table entries: 512 (order 0, 4096 bytes)
[    0.211649] pnp: PnP ACPI init
[    0.212628] pnp 00:00: Plug and Play ACPI device, IDs PNP0303 (active)
[    0.212717] pnp 00:01: Plug and Play ACPI device, IDs PNP0f03 (active)
[    0.213729] pnp: PnP ACPI: found 2 devices
[    0.221826] clocksource: acpi_pm: mask: 0xffffff max_cycles: 0xffffff, max_idle_ns: 2085701024 ns
[    0.225189] clocksource: Switched to clocksource acpi_pm
[    0.227448] pci_bus 0000:00: resource 4 [io  0x0000-0x0cf7 window]
[    0.227451] pci_bus 0000:00: resource 5 [io  0x0d00-0xffff window]
[    0.227452] pci_bus 0000:00: resource 6 [mem 0x000a0000-0x000bffff window]
[    0.227454] pci_bus 0000:00: resource 7 [mem 0x40000000-0xffdfffff window]
[    0.227669] NET: Registered protocol family 2
[    0.229941] TCP established hash table entries: 8192 (order: 4, 65536 bytes)
[    0.231271] TCP bind hash table entries: 8192 (order: 5, 131072 bytes)
[    0.232543] TCP: Hash tables configured (established 8192 bind 8192)
[    0.233303] UDP hash table entries: 512 (order: 2, 16384 bytes)
[    0.234191] UDP-Lite hash table entries: 512 (order: 2, 16384 bytes)
[    0.235785] NET: Registered protocol family 1
[    0.237201] RPC: Registered named UNIX socket transport module.
[    0.237900] RPC: Registered udp transport module.
[    0.238639] RPC: Registered tcp transport module.
[    0.239395] RPC: Registered tcp NFSv4.1 backchannel transport module.
[    0.240203] pci 0000:00:00.0: Limiting direct PCI/PCI transfers
[    0.241110] pci 0000:00:01.0: Activating ISA DMA hang workarounds
[    0.242239] pci 0000:00:02.0: Video device with shadowed ROM at [mem 0x000c0000-0x000dffff]
[    0.246166] PCI: CLS 0 bytes, default 64
[    0.246258] RAPL PMU: API unit is 2^-32 Joules, 4 fixed counters, 10737418240 ms ovfl timer
[    0.247945] RAPL PMU: hw unit of domain pp0-core 2^-0 Joules
[    0.248210] RAPL PMU: hw unit of domain package 2^-0 Joules
[    0.248902] RAPL PMU: hw unit of domain dram 2^-0 Joules
[    0.250524] RAPL PMU: hw unit of domain pp1-gpu 2^-0 Joules
[    0.252106] platform rtc_cmos: registered platform RTC device (no PNP device found)
[    0.254444] Scanning for low memory corruption every 60 seconds
[    0.255480] audit: initializing netlink subsys (disabled)
[    0.257088] audit: type=2000 audit(1517834120.225:1): state=initialized audit_enabled=0 res=1
[    0.258500] workingset: timestamp_bits=56 max_order=18 bucket_order=0
[    0.262238] NFS: Registering the id_resolver key type
[    0.262925] Key type id_resolver registered
[    0.264016] Key type id_legacy registered
[    0.264697] SELinux:  Registering netfilter hooks
[    0.265061] cryptomgr_test (31) used greatest stack depth: 15464 bytes left
[    0.266030] cryptomgr_test (32) used greatest stack depth: 15408 bytes left
[    0.266696] cryptomgr_test (33) used greatest stack depth: 15240 bytes left
[    0.267360] Block layer SCSI generic (bsg) driver version 0.4 loaded (major 250)
[    0.269301] io scheduler noop registered
[    0.269996] io scheduler deadline registered
[    0.270660] io scheduler cfq registered (default)
[    0.271530] io scheduler mq-deadline registered
[    0.272214] io scheduler kyber registered
[    0.273716] ACPI: AC Adapter [AC] (off-line)
[    0.274430] input: Power Button as /devices/LNXSYSTM:00/LNXPWRBN:00/input/input0
[    0.276189] ACPI: Power Button [PWRF]
[    0.277232] input: Sleep Button as /devices/LNXSYSTM:00/LNXSLPBN:00/input/input1
[    0.278455] ACPI: Sleep Button [SLPF]
[    0.279031] ACPI: Video Device [GFX0] (multi-head: yes  rom: no  post: no)
[    0.280171] input: Video Bus as /devices/LNXSYSTM:00/LNXSYBUS:00/PNP0A03:00/LNXVIDEO:00/input/input2
[    0.281601] Serial: 8250/16550 driver, 4 ports, IRQ sharing enabled
[    0.283302] Non-volatile memory driver v1.3
[    0.283968] Linux agpgart interface v0.103
[    0.286931] ACPI: Battery Slot [BAT0] (battery present)
[    0.290858] loop: module loaded
[    0.291962] ahci 0000:00:0d.0: version 3.0
[    0.293075] ahci 0000:00:0d.0: SSS flag set, parallel bus scan disabled
[    0.296080] ahci 0000:00:0d.0: AHCI 0001.0100 32 slots 1 ports 3 Gbps 0x1 impl SATA mode
[    0.298136] ahci 0000:00:0d.0: flags: 64bit ncq stag only ccc 
[    0.302199] scsi host0: ahci
[    0.302916] ata1: SATA max UDMA/133 abar m8192@0xf0806000 port 0xf0806100 irq 21
[    0.304014] ata_piix 0000:00:01.1: version 2.13
[    0.304389] scsi host1: ata_piix
[    0.305217] scsi host2: ata_piix
[    0.306309] ata2: PATA max UDMA/33 cmd 0x1f0 ctl 0x3f6 bmdma 0xd000 irq 14
[    0.307361] ata3: PATA max UDMA/33 cmd 0x170 ctl 0x376 bmdma 0xd008 irq 15
[    0.308264] e100: Intel(R) PRO/100 Network Driver, 3.5.24-k2-NAPI
[    0.309267] e100: Copyright(c) 1999-2006 Intel Corporation
[    0.312838] e1000: Intel(R) PRO/1000 Network Driver - version 7.3.21-k8-NAPI
[    0.314136] e1000: Copyright (c) 1999-2006 Intel Corporation.
[    0.474030] ata3.00: ATAPI: VBOX CD-ROM, 1.0, max UDMA/133
[    0.476074] ata3.00: configured for UDMA/33
[    0.614795] ata1: SATA link up 3.0 Gbps (SStatus 123 SControl 300)
[    0.615878] ata1.00: ATA-6: VBOX HARDDISK, 1.0, max UDMA/133
[    0.617004] ata1.00: 83886080 sectors, multi 128: LBA48 NCQ (depth 31/32)
[    0.623961] ata1.00: configured for UDMA/133
[    0.630753] scsi 0:0:0:0: Direct-Access     ATA      VBOX HARDDISK    1.0  PQ: 0 ANSI: 5
[    0.631910] sd 0:0:0:0: Attached scsi generic sg0 type 0
[    0.633247] sd 0:0:0:0: [sda] 83886080 512-byte logical blocks: (42.9 GB/40.0 GiB)
[    0.634374] sd 0:0:0:0: [sda] Write Protect is off
[    0.634899] sd 0:0:0:0: [sda] Mode Sense: 00 3a 00 00
[    0.634909] sd 0:0:0:0: [sda] Write cache: enabled, read cache: enabled, doesn't support DPO or FUA
[    0.642575] scsi 2:0:0:0: CD-ROM            VBOX     CD-ROM           1.0  PQ: 0 ANSI: 5
[    0.667153] sr 2:0:0:0: [sr0] scsi3-mmc drive: 32x/32x xa/form2 tray
[    0.668295] cdrom: Uniform CD-ROM driver Revision: 3.20
[    0.669245] sr 2:0:0:0: Attached scsi CD-ROM sr0
[    0.669505] sr 2:0:0:0: Attached scsi generic sg1 type 5
[    0.679415]  sda: sda2 sda3 sda4
[    0.680957] sd 0:0:0:0: [sda] Attached SCSI disk
[    0.745496] e1000 0000:00:03.0 eth0: (PCI:33MHz:32-bit) 08:00:27:91:1d:f8
[    0.746218] e1000 0000:00:03.0 eth0: Intel(R) PRO/1000 Network Connection
[    0.746978] e1000e: Intel(R) PRO/1000 Network Driver - 3.2.6-k
[    0.747563] e1000e: Copyright(c) 1999 - 2015 Intel Corporation.
[    0.748775] sky2: driver version 1.30
[    0.749300] ehci_hcd: USB 2.0 'Enhanced' Host Controller (EHCI) Driver
[    0.750013] ehci-pci: EHCI PCI platform driver
[    0.750872] ohci_hcd: USB 1.1 'Open' Host Controller (OHCI) Driver
[    0.751954] ohci-pci: OHCI PCI platform driver
[    0.752642] ohci-pci 0000:00:06.0: OHCI PCI host controller
[    0.753853] ohci-pci 0000:00:06.0: new USB bus registered, assigned bus number 1
[    0.755236] ohci-pci 0000:00:06.0: irq 22, io mem 0xf0804000
[    0.808260] usb usb1: New USB device found, idVendor=1d6b, idProduct=0001
[    0.809518] usb usb1: New USB device strings: Mfr=3, Product=2, SerialNumber=1
[    0.811592] usb usb1: Product: OHCI PCI host controller
[    0.812468] usb usb1: Manufacturer: Linux 4.12.7-jcamhi ohci_hcd
[    0.813181] usb usb1: SerialNumber: 0000:00:06.0
[    0.813962] hub 1-0:1.0: USB hub found
[    0.814543] hub 1-0:1.0: 12 ports detected
[    0.815089] uhci_hcd: USB Universal Host Controller Interface driver
[    0.815863] usbcore: registered new interface driver usblp
[    0.816853] usbcore: registered new interface driver usb-storage
[    0.817243] i8042: PNP: PS/2 Controller [PNP0303:PS2K,PNP0f03:PS2M] at 0x60,0x64 irq 1,12
[    0.819589] serio: i8042 KBD port at 0x60,0x64 irq 1
[    0.820235] serio: i8042 AUX port at 0x60,0x64 irq 12
[    0.821575] input: AT Translated Set 2 keyboard as /devices/platform/i8042/serio0/input/input3
[    0.824145] rtc_cmos rtc_cmos: rtc core: registered rtc_cmos as rtc0
[    0.825498] rtc_cmos rtc_cmos: alarms up to one day, 114 bytes nvram
[    0.826389] device-mapper: ioctl: 4.35.0-ioctl (2016-06-23) initialised: dm-devel@redhat.com
[    0.827917] hidraw: raw HID events driver (C) Jiri Kosina
[    0.829192] usbcore: registered new interface driver usbhid
[    0.830240] usbhid: USB HID core driver
[    0.831322] Netfilter messages via NETLINK v0.30.
[    0.832034] nf_conntrack version 0.5.0 (8192 buckets, 32768 max)
[    0.832914] kworker/u2:0 (77) used greatest stack depth: 14792 bytes left
[    0.833840] ctnetlink v0.93: registering with nfnetlink.
[    0.834311] ip_tables: (C) 2000-2006 Netfilter Core Team
[    0.835316] Initializing XFRM netlink socket
[    0.836375] NET: Registered protocol family 10
[    0.837714] Segment Routing with IPv6
[    0.838910] ip6_tables: (C) 2000-2006 Netfilter Core Team
[    0.840153] sit: IPv6, IPv4 and MPLS over IPv4 tunneling driver
[    0.841102] NET: Registered protocol family 17
[    0.842188] Key type dns_resolver registered
[    0.843236] registered taskstats version 1
[    0.845121]   Magic number: 6:650:581
[    0.846532] sound seq: hash matches
[    0.847439] console [netcon0] enabled
[    0.848415] netconsole: network logging started
[    0.850146] PM: Hibernation image not present or could not be loaded.
[    0.850189] ALSA device list:
[    0.851234]   No soundcards found.
[    1.031885] random: fast init done
[    1.033984] input: ImExPS/2 Generic Explorer Mouse as /devices/platform/i8042/serio1/input/input5
[    1.035495] md: Waiting for all devices to be available before autodetect
[    1.036277] md: If you don't use raid, use raid=noautodetect
[    1.037401] md: Autodetecting RAID arrays.
[    1.038104] md: autorun ...
[    1.038781] md: ... autorun DONE.
[    1.060907] EXT4-fs (sda3): couldn't mount as ext3 due to feature incompatibilities
[    1.078518] EXT4-fs (sda3): couldn't mount as ext2 due to feature incompatibilities
[    1.085479] EXT4-fs (sda3): INFO: recovery required on readonly filesystem
[    1.086222] EXT4-fs (sda3): write access will be enabled during recovery
[    1.203361] usb 1-1: new full-speed USB device number 2 using ohci-pci
[    1.280092] tsc: Refined TSC clocksource calibration: 1599.988 MHz
[    1.281125] clocksource: tsc: mask: 0xffffffffffffffff max_cycles: 0x1710198d1f3, max_idle_ns: 440795226806 ns
[    1.436663] usb 1-1: New USB device found, idVendor=80ee, idProduct=0021
[    1.437584] usb 1-1: New USB device strings: Mfr=1, Product=3, SerialNumber=0
[    1.439142] usb 1-1: Product: USB Tablet
[    1.440559] usb 1-1: Manufacturer: VirtualBox
[    1.453534] input: VirtualBox USB Tablet as /devices/pci0000:00/0000:00:06.0/usb1/1-1/1-1:1.0/0003:80EE:0021.0001/input/input6
[    1.455199] hid-generic 0003:80EE:0021.0001: input,hidraw0: USB HID v1.10 Mouse [VirtualBox USB Tablet] on usb-0000:00:06.0-1/input0
[    1.816805] EXT4-fs (sda3): recovery complete
[    1.822218] EXT4-fs (sda3): mounted filesystem with ordered data mode. Opts: (null)
[    1.823446] VFS: Mounted root (ext4 filesystem) readonly on device 8:3.
[    1.844518] devtmpfs: mounted
[    1.846582] Freeing unused kernel memory: 1188K
[    1.848102] Write protecting the kernel read-only data: 14336k
[    1.849054] Freeing unused kernel memory: 744K
[    1.851532] Freeing unused kernel memory: 1216K
[    1.901827] random: crng init done
[    2.288296] clocksource: Switched to clocksource tsc
[    3.770610] stty (88) used greatest stack depth: 13768 bytes left
[    4.514264] dmesg (89) used greatest stack depth: 13520 bytes left
[    4.800306] ls (91) used greatest stack depth: 13488 bytes left
[    5.583241] mkdir (97) used greatest stack depth: 13472 bytes left
[    6.621998] ip (147) used greatest stack depth: 13168 bytes left
[    7.275963] udevd[177]: starting version 3.2.2
[    7.610110] udevd[177]: specified group 'kvm' unknown
[    7.691385] udevd[177]: RUN{builtin}: 'uaccess' unknown /lib/udev/rules.d/73-seat-late.rules:15
[    7.704445] udevd[177]: IMPORT{builtin}: 'net_setup_link' unknown /lib/udev/rules.d/80-net-setup-link.rules:9
[    7.712792] udevd[178]: starting eudev-3.2.2
[    7.733464] udevd[178]: specified group 'kvm' unknown
[    7.734992] udevd[178]: RUN{builtin}: 'uaccess' unknown /lib/udev/rules.d/73-seat-late.rules:15
[    7.738563] udevd[178]: IMPORT{builtin}: 'net_setup_link' unknown /lib/udev/rules.d/80-net-setup-link.rules:9
[    7.919742] e1000 0000:00:03.0 enp0s3: renamed from eth0
[    8.187316] hrtimer: interrupt took 3062315 ns
[    8.771896] Adding 3906556k swap on /dev/sda2.  Priority:1 extents:1 across:3906556k 
[    8.792011] EXT4-fs (sda3): re-mounted. Opts: (null)
[    8.926492] EXT4-fs (sda3): re-mounted. Opts: (null)
[    9.499992] EXT4-fs (sda4): recovery complete
[    9.501542] EXT4-fs (sda4): mounted filesystem with ordered data mode. Opts: (null)
[   11.393480] IPv6: ADDRCONF(NETDEV_UP): enp0s3: link is not ready
[   11.395708] e1000: enp0s3 NIC Link is Up 1000 Mbps Full Duplex, Flow Control: RX
[   11.397521] IPv6: ADDRCONF(NETDEV_CHANGE): enp0s3: link becomes ready
[   29.753961] my_driver: loading out-of-tree module taints kernel.
[   29.754961] Hello world !
[   29.755095] usbcore: registered new interface driver my_driver
[   38.933550] usb 1-2: new full-speed USB device number 3 using ohci-pci
[   39.171160] usb 1-2: New USB device found, idVendor=1532, idProduct=011a
[   39.172552] usb 1-2: New USB device strings: Mfr=1, Product=2, SerialNumber=0
[   39.173675] usb 1-2: Product: Razer BlackWidow Ultimate
[   39.174555] usb 1-2: Manufacturer: Razer
[   39.236228] input: Razer Razer BlackWidow Ultimate as /devices/pci0000:00/0000:00:06.0/usb1/1-2/1-2:1.0/0003:1532:011A.0002/input/input7
[   39.290138] hid-generic 0003:1532:011A.0002: input,hidraw1: USB HID v1.11 Keyboard [Razer Razer BlackWidow Ultimate] on usb-0000:00:06.0-2/input0
[   39.306359] input: Razer Razer BlackWidow Ultimate as /devices/pci0000:00/0000:00:06.0/usb1/1-2/1-2:1.1/0003:1532:011A.0003/input/input8
[   39.359898] hid-generic 0003:1532:011A.0003: input,hidraw2: USB HID v1.11 Keyboard [Razer Razer BlackWidow Ultimate] on usb-0000:00:06.0-2/input1
[   39.375605] input: Razer Razer BlackWidow Ultimate as /devices/pci0000:00/0000:00:06.0/usb1/1-2/1-2:1.2/0003:1532:011A.0004/input/input9
[   39.377873] hid-generic 0003:1532:011A.0004: input,hidraw3: USB HID v1.11 Mouse [Razer Razer BlackWidow Ultimate] on usb-0000:00:06.0-2/input2
